lte.c:23:6:LTEInitParams	8	static
lte.c:55:6:LTEPowerOn	8	static
lte.c:70:6:LTEPowerOff	8	static
lte.c:85:6:LTEReset	144	static
lte.c:93:6:LTEPowerOffWithUart	144	static
lte.c:106:6:LTEGetIMEI	144	static
lte.c:114:6:LTEGetImsi	144	static
lte.c:122:6:LTEOpenConnection	144	static
lte.c:130:6:LTEPrepToSendData	144	static
lte.c:138:6:LTEAt	144	static
lte.c:146:6:LTEAti	144	static
lte.c:154:6:LTECloseConnection	144	static
lte.c:162:6:LTEPdpOpen	144	static
lte.c:170:6:LTEPdpClose	144	static
lte.c:178:6:LTEPdpConfigure	144	static
lte.c:186:6:LTESendMsg	144	static
lte.c:191:6:LTEGPSPowerOn	144	static
lte.c:200:6:LTEGPSPowerOff	144	static
lte.c:208:6:LTEGPSNmeaConfig	144	static
lte.c:216:6:LTEGPSGetNmeaData	144	static
lte.c:224:6:LTEGPSGetData	144	static
lte.c:232:6:LTEActiveBuffer	8	static
lte.c:238:6:LTEPassiveBuffer	8	static
lte.c:244:6:LTESendData	16	static
lte.c:247:6:LTEResponseParserBuffer	40	static
lte.c:298:9:SearchMessage	24	static
lte.c:315:6:SearchStatu	24	static
lte.c:330:6:ConvertIdToChar	24	static
