lte.c:23:6:LTEInitParams	8	static
lte.c:59:6:LTEPowerOn	8	static
lte.c:70:6:LTEPowerOff	16	static
lte.c:87:6:LTEEnable	8	static
lte.c:93:6:LTEDisable	8	static
lte.c:100:6:LTEResetWithUart	152	static
lte.c:114:6:LTEPowerOffWithUart	144	static
lte.c:124:6:LTEGetIMEI	152	static
lte.c:137:6:LTEGetImsi	152	static
lte.c:150:6:LTEOpenConnection	152	static
lte.c:163:6:LTEPrepToSendData	152	static
lte.c:176:6:LTEAt	152	static
lte.c:189:6:LTECloseConnection	152	static
lte.c:202:6:LTEPdpOpen	152	static
lte.c:215:6:LTEPdpClose	152	static
lte.c:228:6:LTEPdpConfigure	152	static
lte.c:241:6:LTESendMsg	152	static
lte.c:256:6:LTEReceiveMsg	152	static
lte.c:269:6:LTEActiveBuffer	8	static
lte.c:275:6:LTEPassiveBuffer	8	static
lte.c:281:6:LTESendData	16	static
lte.c:284:6:LTEResponseParserBuffer	32	static
lte.c:341:9:SearchMessage	24	static
lte.c:358:6:SearchStatu	24	static
lte.c:373:6:ConvertIdToChar	24	static
